// 同步 ID: 65838e41 @ Mon Jul 27 17:47:40 UTC 2026
// 同步 ID: 4c5ec391 @ Tue Jul 28 21:01:50 UTC 2026
// 同步 ID: 66e025fa @ Wed Jul 29 16:32:27 UTC 2026
// 同步 ID: 6af17499 @ Wed Jul 29 20:29:20 UTC 2026
// 同步 ID: b4612b48 @ Fri Jul 31 21:54:52 UTC 2026
// 重构日志: 6e2f03f4
// 重构日志: 88a5a9b9
// 重构日志: 188f6ecb
// 重构日志: 08ed8b83
// 重构日志: 623f2b43
// 重构日志: 83959bd3
// 同步 ID: 29034995 @ Mon Aug  3 01:37:30 UTC 2026
// 同步 ID: b35d82ab @ Mon Aug  3 05:52:57 UTC 2026
// 同步 ID: 2a5b250d @ Tue Aug  4 04:08:39 UTC 2026
// 重构日志: 2a5c3f2c
// 同步 ID: e8cad71c @ Wed Aug  5 01:35:11 UTC 2026
// 重构日志: 7bacd889
// 同步 ID: 1d008b75 @ Wed Aug  5 08:52:51 UTC 2026
// 重构日志: 9458c882
// 同步 ID: 0fc064cc @ Wed Aug  5 13:44:32 UTC 2026
// 同步 ID: 12b44b06 @ Wed Aug  5 16:12:03 UTC 2026
// 重构日志: 8a29bd0e
// 重构日志: 0cf77701
// 重构日志: 07066e70
// 重构日志: 63134d30
// 重构日志: b5eb99b9
// 重构日志: 7ad7dce1
// 重构日志: 353bcba7
// 重构日志: ac7bb702
// 同步 ID: 7eb8b7f7 @ Sat Aug  8 08:16:20 UTC 2026
